2026-09-21 19:10:10,818 [   INFO] [DATA]: loading data from ./data/different_types/double_lift_cloth_3/final_data.pkl
2026-09-21 19:10:12,470 [   INFO] Applying Morton ordering to improve cache performance...
2026-09-21 19:10:38,483 [   INFO] [DATA]: loading data from ./data/different_types/double_lift_cloth_3/final_data.pkl
2026-09-21 19:10:39,868 [   INFO] Applying Morton ordering to improve cache performance...
2026-09-21 19:11:11,332 [   INFO] [DATA]: loading data from ./data/different_types/double_lift_cloth_3/final_data.pkl
2026-09-21 19:11:12,701 [   INFO] Applying Morton ordering to improve cache performance...
2026-09-21 19:11:39,901 [   INFO] [DATA]: loading data from ./data/different_types/double_lift_cloth_3/final_data.pkl
2026-09-21 19:11:41,275 [   INFO] Applying Morton ordering to improve cache performance...
2026-09-21 19:11:45,456 [   INFO] Applied Morton reordering to 2769 object vertices
2026-09-21 19:11:52,963 [   INFO] Load model from experiments/double_lift_cloth_3/train/best_99.pth
2026-09-21 19:13:01,564 [   INFO] [DATA]: loading data from ./data/different_types/double_lift_cloth_3/final_data.pkl
2026-09-21 19:13:02,934 [   INFO] Applying Morton ordering to improve cache performance...
2026-09-21 19:13:03,008 [   INFO] Applied Morton reordering to 2769 object vertices
2026-09-21 19:13:03,176 [   INFO] Load model from experiments/double_lift_cloth_3/train/best_99.pth
2026-09-21 19:13:03,383 [   INFO] [SIMULATION]: Initialize the Spring-Mass System
2026-09-21 19:13:33,936 [   INFO] [DATA]: loading data from ./data/different_types/double_lift_cloth_3/final_data.pkl
2026-09-21 19:13:35,319 [   INFO] Applying Morton ordering to improve cache performance...
2026-09-21 19:13:35,390 [   INFO] Applied Morton reordering to 2769 object vertices
2026-09-21 19:13:35,556 [   INFO] Load model from experiments/double_lift_cloth_3/train/best_99.pth
2026-09-21 19:13:35,579 [   INFO] [SIMULATION]: Initialize the Spring-Mass System
2026-09-21 19:15:19,794 [   INFO] [DATA]: loading data from ./data/different_types/double_lift_cloth_3/final_data.pkl
2026-09-21 19:15:21,169 [   INFO] Applying Morton ordering to improve cache performance...
2026-09-21 19:15:21,243 [   INFO] Applied Morton reordering to 2769 object vertices
2026-09-21 19:15:21,409 [   INFO] Load model from experiments/double_lift_cloth_3/train/best_99.pth
2026-09-21 19:15:21,428 [   INFO] [SIMULATION]: Initialize the Spring-Mass System
2026-09-21 19:16:04,568 [   INFO] [DATA]: loading data from ./data/different_types/double_lift_cloth_3/final_data.pkl
2026-09-21 19:16:05,949 [   INFO] Applying Morton ordering to improve cache performance...
2026-09-21 19:16:06,020 [   INFO] Applied Morton reordering to 2769 object vertices
2026-09-21 19:16:06,185 [   INFO] Load model from experiments/double_lift_cloth_3/train/best_99.pth
2026-09-21 19:16:06,205 [   INFO] [SIMULATION]: Initialize the Spring-Mass System
2026-09-21 19:17:22,902 [   INFO] [DATA]: loading data from ./data/different_types/double_lift_cloth_3/final_data.pkl
2026-09-21 19:17:24,274 [   INFO] Applying Morton ordering to improve cache performance...
2026-09-21 19:17:24,345 [   INFO] Applied Morton reordering to 2769 object vertices
2026-09-21 19:17:24,509 [   INFO] Load model from experiments/double_lift_cloth_3/train/best_99.pth
2026-09-21 19:17:24,529 [   INFO] [SIMULATION]: Initialize the Spring-Mass System
2026-09-21 19:18:48,133 [   INFO] [DATA]: loading data from ./data/different_types/double_lift_cloth_3/final_data.pkl
2026-09-21 19:18:49,519 [   INFO] Applying Morton ordering to improve cache performance...
2026-09-21 19:18:49,589 [   INFO] Applied Morton reordering to 2769 object vertices
2026-09-21 19:18:49,758 [   INFO] Load model from experiments/double_lift_cloth_3/train/best_99.pth
2026-09-21 19:18:49,778 [   INFO] [SIMULATION]: Initialize the Spring-Mass System
2026-09-21 19:19:30,219 [   INFO] [DATA]: loading data from ./data/different_types/double_lift_cloth_3/final_data.pkl
2026-09-21 19:19:31,627 [   INFO] Applying Morton ordering to improve cache performance...
2026-09-21 19:19:31,700 [   INFO] Applied Morton reordering to 2769 object vertices
2026-09-21 19:19:31,863 [   INFO] Load model from experiments/double_lift_cloth_3/train/best_99.pth
2026-09-21 19:19:31,884 [   INFO] [SIMULATION]: Initialize the Spring-Mass System
2026-09-21 19:20:03,790 [   INFO] [DATA]: loading data from ./data/different_types/double_lift_cloth_3/final_data.pkl
2026-09-21 19:20:05,174 [   INFO] Applying Morton ordering to improve cache performance...
2026-09-21 19:20:05,248 [   INFO] Applied Morton reordering to 2769 object vertices
2026-09-21 19:20:05,420 [   INFO] Load model from experiments/double_lift_cloth_3/train/best_99.pth
2026-09-21 19:20:05,439 [   INFO] [SIMULATION]: Initialize the Spring-Mass System
2026-09-21 19:21:40,252 [   INFO] [DATA]: loading data from ./data/different_types/double_lift_cloth_3/final_data.pkl
2026-09-21 19:21:41,641 [   INFO] Applying Morton ordering to improve cache performance...
2026-09-21 19:21:41,716 [   INFO] Applied Morton reordering to 2769 object vertices
2026-09-21 19:21:41,879 [   INFO] Load model from experiments/double_lift_cloth_3/train/best_99.pth
2026-09-21 19:21:41,900 [   INFO] [SIMULATION]: Initialize the Spring-Mass System
2026-09-21 19:22:51,148 [   INFO] [DATA]: loading data from ./data/different_types/double_lift_cloth_3/final_data.pkl
2026-09-21 19:22:52,522 [   INFO] Applying Morton ordering to improve cache performance...
2026-09-21 19:22:52,593 [   INFO] Applied Morton reordering to 2769 object vertices
2026-09-21 19:22:52,762 [   INFO] Load model from experiments/double_lift_cloth_3/train/best_99.pth
2026-09-21 19:22:52,783 [   INFO] [SIMULATION]: Initialize the Spring-Mass System
2026-09-21 19:23:41,822 [   INFO] [DATA]: loading data from ./data/different_types/double_lift_cloth_3/final_data.pkl
2026-09-21 19:23:43,214 [   INFO] Applying Morton ordering to improve cache performance...
2026-09-21 19:23:43,286 [   INFO] Applied Morton reordering to 2769 object vertices
2026-09-21 19:23:43,451 [   INFO] Load model from experiments/double_lift_cloth_3/train/best_99.pth
2026-09-21 19:23:43,472 [   INFO] [SIMULATION]: Initialize the Spring-Mass System
2026-09-21 19:24:27,152 [   INFO] [DATA]: loading data from ./data/different_types/double_lift_cloth_3/final_data.pkl
2026-09-21 19:24:28,560 [   INFO] Applying Morton ordering to improve cache performance...
2026-09-21 19:24:28,634 [   INFO] Applied Morton reordering to 2769 object vertices
2026-09-21 19:24:28,803 [   INFO] Load model from experiments/double_lift_cloth_3/train/best_99.pth
2026-09-21 19:24:28,824 [   INFO] [SIMULATION]: Initialize the Spring-Mass System
2026-09-21 19:25:56,307 [   INFO] [DATA]: loading data from ./data/different_types/double_lift_cloth_3/final_data.pkl
2026-09-21 19:25:57,697 [   INFO] Applying Morton ordering to improve cache performance...
2026-09-21 19:25:57,772 [   INFO] Applied Morton reordering to 2769 object vertices
2026-09-21 19:25:57,941 [   INFO] Load model from experiments/double_lift_cloth_3/train/best_99.pth
2026-09-21 19:25:57,963 [   INFO] [SIMULATION]: Initialize the Spring-Mass System
2026-09-21 19:26:42,017 [   INFO] [DATA]: loading data from ./data/different_types/double_lift_cloth_3/final_data.pkl
2026-09-21 19:26:43,380 [   INFO] Applying Morton ordering to improve cache performance...
2026-09-21 19:26:43,454 [   INFO] Applied Morton reordering to 2769 object vertices
2026-09-21 19:26:43,624 [   INFO] Load model from experiments/double_lift_cloth_3/train/best_99.pth
2026-09-21 19:26:43,643 [   INFO] [SIMULATION]: Initialize the Spring-Mass System
2026-09-21 19:28:27,551 [   INFO] [DATA]: loading data from ./data/different_types/double_lift_cloth_3/final_data.pkl
2026-09-21 19:28:28,968 [   INFO] Applying Morton ordering to improve cache performance...
2026-09-21 19:28:29,041 [   INFO] Applied Morton reordering to 2769 object vertices
2026-09-21 19:28:29,206 [   INFO] Load model from experiments/double_lift_cloth_3/train/best_99.pth
2026-09-21 19:28:29,228 [   INFO] [SIMULATION]: Initialize the Spring-Mass System
2026-09-21 19:29:13,833 [   INFO] [DATA]: loading data from ./data/different_types/double_lift_cloth_3/final_data.pkl
2026-09-21 19:29:15,207 [   INFO] Applying Morton ordering to improve cache performance...
2026-09-21 19:29:15,281 [   INFO] Applied Morton reordering to 2769 object vertices
2026-09-21 19:29:15,445 [   INFO] Load model from experiments/double_lift_cloth_3/train/best_99.pth
2026-09-21 19:29:15,466 [   INFO] [SIMULATION]: Initialize the Spring-Mass System
2026-09-21 19:29:57,883 [   INFO] [DATA]: loading data from ./data/different_types/double_lift_cloth_3/final_data.pkl
2026-09-21 19:29:59,275 [   INFO] Applying Morton ordering to improve cache performance...
2026-09-21 19:29:59,347 [   INFO] Applied Morton reordering to 2769 object vertices
2026-09-21 19:29:59,521 [   INFO] Load model from experiments/double_lift_cloth_3/train/best_99.pth
2026-09-21 19:29:59,540 [   INFO] [SIMULATION]: Initialize the Spring-Mass System
2026-09-21 19:30:56,981 [   INFO] [DATA]: loading data from ./data/different_types/double_lift_cloth_3/final_data.pkl
2026-09-21 19:30:58,368 [   INFO] Applying Morton ordering to improve cache performance...
2026-09-21 19:30:58,440 [   INFO] Applied Morton reordering to 2769 object vertices
2026-09-21 19:30:58,608 [   INFO] Load model from experiments/double_lift_cloth_3/train/best_99.pth
2026-09-21 19:30:58,629 [   INFO] [SIMULATION]: Initialize the Spring-Mass System
2026-09-21 19:31:43,254 [   INFO] [DATA]: loading data from ./data/different_types/double_lift_cloth_3/final_data.pkl
2026-09-21 19:31:44,650 [   INFO] Applying Morton ordering to improve cache performance...
2026-09-21 19:31:44,721 [   INFO] Applied Morton reordering to 2769 object vertices
2026-09-21 19:31:44,892 [   INFO] Load model from experiments/double_lift_cloth_3/train/best_99.pth
2026-09-21 19:31:44,914 [   INFO] [SIMULATION]: Initialize the Spring-Mass System
2026-09-21 19:32:50,442 [   INFO] [DATA]: loading data from ./data/different_types/double_lift_cloth_3/final_data.pkl
2026-09-21 19:32:51,843 [   INFO] Applying Morton ordering to improve cache performance...
2026-09-21 19:32:51,917 [   INFO] Applied Morton reordering to 2769 object vertices
2026-09-21 19:32:52,089 [   INFO] Load model from experiments/double_lift_cloth_3/train/best_99.pth
2026-09-21 19:32:52,111 [   INFO] [SIMULATION]: Initialize the Spring-Mass System
2026-09-21 19:33:31,397 [   INFO] [DATA]: loading data from ./data/different_types/double_lift_cloth_3/final_data.pkl
2026-09-21 19:33:32,793 [   INFO] Applying Morton ordering to improve cache performance...
2026-09-21 19:33:32,868 [   INFO] Applied Morton reordering to 2769 object vertices
2026-09-21 19:33:33,044 [   INFO] Load model from experiments/double_lift_cloth_3/train/best_99.pth
2026-09-21 19:33:33,064 [   INFO] [SIMULATION]: Initialize the Spring-Mass System
2026-09-21 19:34:12,569 [   INFO] [DATA]: loading data from ./data/different_types/double_lift_cloth_3/final_data.pkl
2026-09-21 19:34:14,008 [   INFO] Applying Morton ordering to improve cache performance...
2026-09-21 19:34:14,084 [   INFO] Applied Morton reordering to 2769 object vertices
2026-09-21 19:34:14,250 [   INFO] Load model from experiments/double_lift_cloth_3/train/best_99.pth
2026-09-21 19:34:14,269 [   INFO] [SIMULATION]: Initialize the Spring-Mass System
2026-09-21 19:34:47,889 [   INFO] [DATA]: loading data from ./data/different_types/double_lift_cloth_3/final_data.pkl
2026-09-21 19:34:49,322 [   INFO] Applying Morton ordering to improve cache performance...
2026-09-21 19:34:49,395 [   INFO] Applied Morton reordering to 2769 object vertices
2026-09-21 19:34:49,561 [   INFO] Load model from experiments/double_lift_cloth_3/train/best_99.pth
2026-09-21 19:34:49,581 [   INFO] [SIMULATION]: Initialize the Spring-Mass System
2026-09-21 19:38:46,416 [   INFO] [DATA]: loading data from ./data/different_types/double_lift_cloth_3/final_data.pkl
2026-09-21 19:38:47,779 [   INFO] Applying Morton ordering to improve cache performance...
2026-09-21 19:38:47,854 [   INFO] Applied Morton reordering to 2769 object vertices
2026-09-21 19:38:48,028 [   INFO] Load model from experiments/double_lift_cloth_3/train/best_99.pth
2026-09-21 19:38:48,049 [   INFO] [SIMULATION]: Initialize the Spring-Mass System
2026-09-21 19:39:53,321 [   INFO] [DATA]: loading data from ./data/different_types/double_lift_cloth_3/final_data.pkl
2026-09-21 19:39:54,702 [   INFO] Applying Morton ordering to improve cache performance...
2026-09-21 19:39:54,776 [   INFO] Applied Morton reordering to 2769 object vertices
2026-09-21 19:39:54,942 [   INFO] Load model from experiments/double_lift_cloth_3/train/best_99.pth
2026-09-21 19:39:54,961 [   INFO] [SIMULATION]: Initialize the Spring-Mass System
2026-09-21 19:40:26,139 [   INFO] [DATA]: loading data from ./data/different_types/double_lift_cloth_3/final_data.pkl
2026-09-21 19:40:27,534 [   INFO] Applying Morton ordering to improve cache performance...
2026-09-21 19:40:27,609 [   INFO] Applied Morton reordering to 2769 object vertices
2026-09-21 19:40:27,773 [   INFO] Load model from experiments/double_lift_cloth_3/train/best_99.pth
2026-09-21 19:40:27,796 [   INFO] [SIMULATION]: Initialize the Spring-Mass System
2026-09-21 19:41:25,488 [   INFO] [DATA]: loading data from ./data/different_types/double_lift_cloth_3/final_data.pkl
2026-09-21 19:41:26,855 [   INFO] Applying Morton ordering to improve cache performance...
2026-09-21 19:41:26,929 [   INFO] Applied Morton reordering to 2769 object vertices
2026-09-21 19:41:27,095 [   INFO] Load model from experiments/double_lift_cloth_3/train/best_99.pth
2026-09-21 19:41:27,115 [   INFO] [SIMULATION]: Initialize the Spring-Mass System
2026-09-21 19:43:16,589 [   INFO] [DATA]: loading data from ./data/different_types/double_lift_cloth_3/final_data.pkl
2026-09-21 19:43:17,973 [   INFO] Applying Morton ordering to improve cache performance...
2026-09-21 19:43:18,049 [   INFO] Applied Morton reordering to 2769 object vertices
2026-09-21 19:43:18,220 [   INFO] Load model from experiments/double_lift_cloth_3/train/best_99.pth
2026-09-21 19:55:42,755 [   INFO] [DATA]: loading data from ./data/different_types/double_lift_cloth_3/final_data.pkl
2026-09-21 19:55:44,135 [   INFO] Applying Morton ordering to improve cache performance...
2026-09-21 19:55:44,209 [   INFO] Applied Morton reordering to 2769 object vertices
2026-09-21 19:55:44,374 [   INFO] Load model from experiments/double_lift_cloth_3/train/best_99.pth
2026-09-21 19:55:44,395 [   INFO] [SIMULATION]: Initialize the Spring-Mass System
2026-09-21 19:59:05,839 [   INFO] [DATA]: loading data from ./data/different_types/double_lift_cloth_3/final_data.pkl
2026-09-21 19:59:07,249 [   INFO] Applying Morton ordering to improve cache performance...
2026-09-21 19:59:07,324 [   INFO] Applied Morton reordering to 2769 object vertices
2026-09-21 19:59:07,496 [   INFO] Load model from experiments/double_lift_cloth_3/train/best_99.pth
2026-09-21 19:59:07,518 [   INFO] [SIMULATION]: Initialize the Spring-Mass System
2026-09-21 19:59:33,824 [   INFO] [DATA]: loading data from ./data/different_types/double_lift_cloth_3/final_data.pkl
2026-09-21 19:59:35,241 [   INFO] Applying Morton ordering to improve cache performance...
2026-09-21 19:59:35,312 [   INFO] Applied Morton reordering to 2769 object vertices
2026-09-21 19:59:35,480 [   INFO] Load model from experiments/double_lift_cloth_3/train/best_99.pth
2026-09-21 19:59:35,501 [   INFO] [SIMULATION]: Initialize the Spring-Mass System
2026-09-21 19:59:59,423 [   INFO] [DATA]: loading data from ./data/different_types/double_lift_cloth_3/final_data.pkl
2026-09-21 20:00:00,834 [   INFO] Applying Morton ordering to improve cache performance...
2026-09-21 20:00:00,905 [   INFO] Applied Morton reordering to 2769 object vertices
2026-09-21 20:00:01,076 [   INFO] Load model from experiments/double_lift_cloth_3/train/best_99.pth
2026-09-21 20:00:01,098 [   INFO] [SIMULATION]: Initialize the Spring-Mass System
2026-09-21 20:00:26,140 [   INFO] [DATA]: loading data from ./data/different_types/double_lift_cloth_3/final_data.pkl
2026-09-21 20:00:27,553 [   INFO] Applying Morton ordering to improve cache performance...
2026-09-21 20:00:27,628 [   INFO] Applied Morton reordering to 2769 object vertices
2026-09-21 20:00:27,804 [   INFO] Load model from experiments/double_lift_cloth_3/train/best_99.pth
2026-09-21 20:00:27,824 [   INFO] [SIMULATION]: Initialize the Spring-Mass System
2026-09-21 20:00:54,975 [   INFO] [DATA]: loading data from ./data/different_types/double_lift_cloth_3/final_data.pkl
2026-09-21 20:00:56,368 [   INFO] Applying Morton ordering to improve cache performance...
2026-09-21 20:00:56,444 [   INFO] Applied Morton reordering to 2769 object vertices
2026-09-21 20:00:56,609 [   INFO] Load model from experiments/double_lift_cloth_3/train/best_99.pth
2026-09-21 20:00:56,629 [   INFO] [SIMULATION]: Initialize the Spring-Mass System
2026-09-21 20:02:08,020 [   INFO] [DATA]: loading data from ./data/different_types/double_lift_cloth_3/final_data.pkl
2026-09-21 20:02:09,426 [   INFO] Applying Morton ordering to improve cache performance...
2026-09-21 20:02:09,498 [   INFO] Applied Morton reordering to 2769 object vertices
2026-09-21 20:02:09,672 [   INFO] Load model from experiments/double_lift_cloth_3/train/best_99.pth
2026-09-21 20:02:09,693 [   INFO] [SIMULATION]: Initialize the Spring-Mass System
2026-09-21 20:02:36,203 [   INFO] [DATA]: loading data from ./data/different_types/double_lift_cloth_3/final_data.pkl
2026-09-21 20:02:37,588 [   INFO] Applying Morton ordering to improve cache performance...
2026-09-21 20:02:37,661 [   INFO] Applied Morton reordering to 2769 object vertices
2026-09-21 20:02:37,831 [   INFO] Load model from experiments/double_lift_cloth_3/train/best_99.pth
2026-09-21 20:02:37,853 [   INFO] [SIMULATION]: Initialize the Spring-Mass System
2026-09-21 20:03:04,527 [   INFO] [DATA]: loading data from ./data/different_types/double_lift_cloth_3/final_data.pkl
2026-09-21 20:03:05,926 [   INFO] Applying Morton ordering to improve cache performance...
2026-09-21 20:03:06,006 [   INFO] Applied Morton reordering to 2769 object vertices
2026-09-21 20:03:06,172 [   INFO] Load model from experiments/double_lift_cloth_3/train/best_99.pth
2026-09-21 20:03:06,193 [   INFO] [SIMULATION]: Initialize the Spring-Mass System
2026-09-21 20:03:54,651 [   INFO] [DATA]: loading data from ./data/different_types/double_lift_cloth_3/final_data.pkl
2026-09-21 20:03:56,022 [   INFO] Applying Morton ordering to improve cache performance...
2026-09-21 20:03:56,097 [   INFO] Applied Morton reordering to 2769 object vertices
2026-09-21 20:03:56,265 [   INFO] Load model from experiments/double_lift_cloth_3/train/best_99.pth
2026-09-21 20:03:56,287 [   INFO] [SIMULATION]: Initialize the Spring-Mass System
2026-09-21 20:05:35,148 [   INFO] [DATA]: loading data from ./data/different_types/double_lift_cloth_3/final_data.pkl
2026-09-21 20:05:36,561 [   INFO] Applying Morton ordering to improve cache performance...
2026-09-21 20:05:36,640 [   INFO] Applied Morton reordering to 2769 object vertices
2026-09-21 20:05:36,821 [   INFO] Load model from experiments/double_lift_cloth_3/train/best_99.pth
2026-09-21 20:05:36,842 [   INFO] [SIMULATION]: Initialize the Spring-Mass System
2026-09-21 20:06:49,666 [   INFO] [DATA]: loading data from ./data/different_types/double_lift_cloth_3/final_data.pkl
2026-09-21 20:06:51,077 [   INFO] Applying Morton ordering to improve cache performance...
2026-09-21 20:06:51,153 [   INFO] Applied Morton reordering to 2769 object vertices
2026-09-21 20:06:51,320 [   INFO] Load model from experiments/double_lift_cloth_3/train/best_99.pth
2026-09-21 20:06:51,341 [   INFO] [SIMULATION]: Initialize the Spring-Mass System
2026-09-21 20:07:17,321 [   INFO] [DATA]: loading data from ./data/different_types/double_lift_cloth_3/final_data.pkl
2026-09-21 20:07:18,733 [   INFO] Applying Morton ordering to improve cache performance...
2026-09-21 20:07:18,808 [   INFO] Applied Morton reordering to 2769 object vertices
2026-09-21 20:07:18,975 [   INFO] Load model from experiments/double_lift_cloth_3/train/best_99.pth
2026-09-21 20:07:18,997 [   INFO] [SIMULATION]: Initialize the Spring-Mass System
2026-09-21 20:07:43,490 [   INFO] [DATA]: loading data from ./data/different_types/double_lift_cloth_3/final_data.pkl
2026-09-21 20:07:44,917 [   INFO] Applying Morton ordering to improve cache performance...
2026-09-21 20:07:44,994 [   INFO] Applied Morton reordering to 2769 object vertices
2026-09-21 20:07:45,162 [   INFO] Load model from experiments/double_lift_cloth_3/train/best_99.pth
2026-09-21 20:07:45,182 [   INFO] [SIMULATION]: Initialize the Spring-Mass System
2026-09-21 20:08:10,777 [   INFO] [DATA]: loading data from ./data/different_types/double_lift_cloth_3/final_data.pkl
2026-09-21 20:08:12,154 [   INFO] Applying Morton ordering to improve cache performance...
2026-09-21 20:08:12,228 [   INFO] Applied Morton reordering to 2769 object vertices
2026-09-21 20:08:12,395 [   INFO] Load model from experiments/double_lift_cloth_3/train/best_99.pth
2026-09-21 20:08:12,422 [   INFO] [SIMULATION]: Initialize the Spring-Mass System
2026-09-21 20:08:54,267 [   INFO] [DATA]: loading data from ./data/different_types/double_lift_cloth_3/final_data.pkl
2026-09-21 20:08:55,646 [   INFO] Applying Morton ordering to improve cache performance...
2026-09-21 20:08:55,722 [   INFO] Applied Morton reordering to 2769 object vertices
2026-09-21 20:08:55,889 [   INFO] Load model from experiments/double_lift_cloth_3/train/best_99.pth
2026-09-21 20:08:55,910 [   INFO] [SIMULATION]: Initialize the Spring-Mass System
2026-09-21 20:10:09,180 [   INFO] [DATA]: loading data from ./data/different_types/double_lift_cloth_3/final_data.pkl
2026-09-21 20:10:10,599 [   INFO] Applying Morton ordering to improve cache performance...
2026-09-21 20:10:10,671 [   INFO] Applied Morton reordering to 2769 object vertices
2026-09-21 20:10:10,841 [   INFO] Load model from experiments/double_lift_cloth_3/train/best_99.pth
2026-09-21 20:10:10,861 [   INFO] [SIMULATION]: Initialize the Spring-Mass System
2026-09-21 20:12:20,451 [   INFO] [DATA]: loading data from ./data/different_types/double_lift_cloth_3/final_data.pkl
2026-09-21 20:12:21,846 [   INFO] Applying Morton ordering to improve cache performance...
2026-09-21 20:12:21,923 [   INFO] Applied Morton reordering to 2769 object vertices
2026-09-21 20:12:22,090 [   INFO] Load model from experiments/double_lift_cloth_3/train/best_99.pth
2026-09-21 20:12:22,112 [   INFO] [SIMULATION]: Initialize the Spring-Mass System
2026-09-21 20:12:56,077 [   INFO] [DATA]: loading data from ./data/different_types/double_lift_cloth_3/final_data.pkl
2026-09-21 20:12:57,468 [   INFO] Applying Morton ordering to improve cache performance...
2026-09-21 20:12:57,543 [   INFO] Applied Morton reordering to 2769 object vertices
2026-09-21 20:12:57,710 [   INFO] Load model from experiments/double_lift_cloth_3/train/best_99.pth
2026-09-21 20:12:57,731 [   INFO] [SIMULATION]: Initialize the Spring-Mass System
2026-09-21 20:14:44,335 [   INFO] [DATA]: loading data from ./data/different_types/double_lift_cloth_3/final_data.pkl
2026-09-21 20:14:45,748 [   INFO] Applying Morton ordering to improve cache performance...
2026-09-21 20:14:45,818 [   INFO] Applied Morton reordering to 2769 object vertices
2026-09-21 20:14:45,985 [   INFO] Load model from experiments/double_lift_cloth_3/train/best_99.pth
2026-09-21 20:14:46,007 [   INFO] [SIMULATION]: Initialize the Spring-Mass System
2026-09-21 20:16:18,497 [   INFO] [DATA]: loading data from ./data/different_types/double_lift_cloth_3/final_data.pkl
2026-09-21 20:16:19,895 [   INFO] Applying Morton ordering to improve cache performance...
2026-09-21 20:16:19,971 [   INFO] Applied Morton reordering to 2769 object vertices
2026-09-21 20:16:20,141 [   INFO] Load model from experiments/double_lift_cloth_3/train/best_99.pth
2026-09-21 20:16:20,162 [   INFO] [SIMULATION]: Initialize the Spring-Mass System
2026-09-21 20:16:55,277 [   INFO] [DATA]: loading data from ./data/different_types/double_lift_cloth_3/final_data.pkl
2026-09-21 20:16:56,708 [   INFO] Applying Morton ordering to improve cache performance...
2026-09-21 20:16:56,783 [   INFO] Applied Morton reordering to 2769 object vertices
2026-09-21 20:16:56,952 [   INFO] Load model from experiments/double_lift_cloth_3/train/best_99.pth
2026-09-21 20:16:56,972 [   INFO] [SIMULATION]: Initialize the Spring-Mass System
2026-09-21 20:17:27,984 [   INFO] [DATA]: loading data from ./data/different_types/double_lift_cloth_3/final_data.pkl
2026-09-21 20:17:29,370 [   INFO] Applying Morton ordering to improve cache performance...
2026-09-21 20:17:29,442 [   INFO] Applied Morton reordering to 2769 object vertices
2026-09-21 20:17:29,618 [   INFO] Load model from experiments/double_lift_cloth_3/train/best_99.pth
2026-09-21 20:17:29,639 [   INFO] [SIMULATION]: Initialize the Spring-Mass System
2026-09-21 20:19:25,458 [   INFO] [DATA]: loading data from ./data/different_types/double_lift_cloth_3/final_data.pkl
2026-09-21 20:19:26,809 [   INFO] Applying Morton ordering to improve cache performance...
2026-09-21 20:19:26,885 [   INFO] Applied Morton reordering to 2769 object vertices
2026-09-21 20:19:27,050 [   INFO] Load model from experiments/double_lift_cloth_3/train/best_99.pth
2026-09-21 20:19:27,070 [   INFO] [SIMULATION]: Initialize the Spring-Mass System
2026-09-21 20:19:55,649 [   INFO] [DATA]: loading data from ./data/different_types/double_lift_cloth_3/final_data.pkl
2026-09-21 20:19:57,043 [   INFO] Applying Morton ordering to improve cache performance...
2026-09-21 20:19:57,118 [   INFO] Applied Morton reordering to 2769 object vertices
2026-09-21 20:19:57,285 [   INFO] Load model from experiments/double_lift_cloth_3/train/best_99.pth
2026-09-21 20:19:57,306 [   INFO] [SIMULATION]: Initialize the Spring-Mass System
2026-09-21 20:23:32,985 [   INFO] [DATA]: loading data from ./data/different_types/double_lift_cloth_3/final_data.pkl
2026-09-21 20:23:34,395 [   INFO] Applying Morton ordering to improve cache performance...
2026-09-21 20:23:34,466 [   INFO] Applied Morton reordering to 2769 object vertices
2026-09-21 20:23:34,635 [   INFO] Load model from experiments/double_lift_cloth_3/train/best_99.pth
2026-09-21 20:23:34,658 [   INFO] [SIMULATION]: Initialize the Spring-Mass System
2026-09-21 20:24:04,026 [   INFO] [DATA]: loading data from ./data/different_types/double_lift_cloth_3/final_data.pkl
2026-09-21 20:24:05,418 [   INFO] Applying Morton ordering to improve cache performance...
2026-09-21 20:24:05,490 [   INFO] Applied Morton reordering to 2769 object vertices
2026-09-21 20:24:05,663 [   INFO] Load model from experiments/double_lift_cloth_3/train/best_99.pth
2026-09-21 20:24:05,684 [   INFO] [SIMULATION]: Initialize the Spring-Mass System
2026-09-21 20:25:14,893 [   INFO] [DATA]: loading data from ./data/different_types/double_lift_cloth_3/final_data.pkl
2026-09-21 20:25:16,260 [   INFO] Applying Morton ordering to improve cache performance...
2026-09-21 20:25:16,338 [   INFO] Applied Morton reordering to 2769 object vertices
2026-09-21 20:25:16,512 [   INFO] Load model from experiments/double_lift_cloth_3/train/best_99.pth
2026-09-21 20:25:16,533 [   INFO] [SIMULATION]: Initialize the Spring-Mass System
2026-09-21 20:26:14,328 [   INFO] [DATA]: loading data from ./data/different_types/double_lift_cloth_3/final_data.pkl
2026-09-21 20:26:15,701 [   INFO] Applying Morton ordering to improve cache performance...
2026-09-21 20:26:15,778 [   INFO] Applied Morton reordering to 2769 object vertices
2026-09-21 20:26:15,947 [   INFO] Load model from experiments/double_lift_cloth_3/train/best_99.pth
2026-09-21 20:26:15,969 [   INFO] [SIMULATION]: Initialize the Spring-Mass System
2026-09-21 20:26:43,980 [   INFO] [DATA]: loading data from ./data/different_types/double_lift_cloth_3/final_data.pkl
2026-09-21 20:26:45,365 [   INFO] Applying Morton ordering to improve cache performance...
2026-09-21 20:26:45,441 [   INFO] Applied Morton reordering to 2769 object vertices
2026-09-21 20:26:45,607 [   INFO] Load model from experiments/double_lift_cloth_3/train/best_99.pth
2026-09-21 20:26:45,627 [   INFO] [SIMULATION]: Initialize the Spring-Mass System
2026-09-21 20:29:16,876 [   INFO] [DATA]: loading data from ./data/different_types/double_lift_cloth_3/final_data.pkl
2026-09-21 20:29:18,282 [   INFO] Applying Morton ordering to improve cache performance...
2026-09-21 20:29:18,353 [   INFO] Applied Morton reordering to 2769 object vertices
2026-09-21 20:29:18,531 [   INFO] Load model from experiments/double_lift_cloth_3/train/best_99.pth
2026-09-21 20:29:18,552 [   INFO] [SIMULATION]: Initialize the Spring-Mass System
2026-09-21 20:30:18,514 [   INFO] [DATA]: loading data from ./data/different_types/double_lift_cloth_3/final_data.pkl
2026-09-21 20:30:19,914 [   INFO] Applying Morton ordering to improve cache performance...
2026-09-21 20:30:19,989 [   INFO] Applied Morton reordering to 2769 object vertices
2026-09-21 20:30:20,155 [   INFO] Load model from experiments/double_lift_cloth_3/train/best_99.pth
2026-09-21 20:30:20,176 [   INFO] [SIMULATION]: Initialize the Spring-Mass System
2026-09-21 20:32:11,226 [   INFO] [DATA]: loading data from ./data/different_types/double_lift_cloth_3/final_data.pkl
2026-09-21 20:32:12,626 [   INFO] Applying Morton ordering to improve cache performance...
2026-09-21 20:32:12,705 [   INFO] Applied Morton reordering to 2769 object vertices
2026-09-21 20:32:12,880 [   INFO] Load model from experiments/double_lift_cloth_3/train/best_99.pth
2026-09-21 20:32:12,900 [   INFO] [SIMULATION]: Initialize the Spring-Mass System
2026-09-21 20:33:50,969 [   INFO] [DATA]: loading data from ./data/different_types/double_lift_cloth_3/final_data.pkl
2026-09-21 20:33:52,355 [   INFO] Applying Morton ordering to improve cache performance...
2026-09-21 20:33:52,428 [   INFO] Applied Morton reordering to 2769 object vertices
2026-09-21 20:33:52,596 [   INFO] Load model from experiments/double_lift_cloth_3/train/best_99.pth
2026-09-21 20:33:52,616 [   INFO] [SIMULATION]: Initialize the Spring-Mass System
2026-09-21 20:34:49,419 [   INFO] [DATA]: loading data from ./data/different_types/double_lift_cloth_3/final_data.pkl
2026-09-21 20:34:50,818 [   INFO] Applying Morton ordering to improve cache performance...
2026-09-21 20:34:50,895 [   INFO] Applied Morton reordering to 2769 object vertices
2026-09-21 20:34:51,067 [   INFO] Load model from experiments/double_lift_cloth_3/train/best_99.pth
2026-09-21 20:34:51,090 [   INFO] [SIMULATION]: Initialize the Spring-Mass System
2026-09-21 20:35:18,883 [   INFO] [DATA]: loading data from ./data/different_types/double_lift_cloth_3/final_data.pkl
2026-09-21 20:35:20,276 [   INFO] Applying Morton ordering to improve cache performance...
2026-09-21 20:35:20,353 [   INFO] Applied Morton reordering to 2769 object vertices
2026-09-21 20:35:20,521 [   INFO] Load model from experiments/double_lift_cloth_3/train/best_99.pth
2026-09-21 20:35:20,547 [   INFO] [SIMULATION]: Initialize the Spring-Mass System
2026-09-21 20:35:55,107 [   INFO] [DATA]: loading data from ./data/different_types/double_lift_cloth_3/final_data.pkl
2026-09-21 20:35:56,485 [   INFO] Applying Morton ordering to improve cache performance...
2026-09-21 20:35:56,558 [   INFO] Applied Morton reordering to 2769 object vertices
2026-09-21 20:35:56,732 [   INFO] Load model from experiments/double_lift_cloth_3/train/best_99.pth
2026-09-21 20:35:56,751 [   INFO] [SIMULATION]: Initialize the Spring-Mass System
2026-09-21 21:03:47,627 [   INFO] [DATA]: loading data from ./data/different_types/double_lift_cloth_3/final_data.pkl
